// Jest Snapshot v1, https://goo.gl/fbAQLP

exports[`App integration tests ðŸ¤ª enters text into the form, clicks submits and shows a pokemon 1`] = `
.emotion-12 {
  display: -webkit-box;
  display: -webkit-flex;
  display: -ms-flexbox;
  display: flex;
  -webkit-flex-direction: column;
  -ms-flex-direction: column;
  flex-direction: column;
  -webkit-box-pack: center;
  -webkit-justify-content: center;
  -ms-flex-pack: center;
  justify-content: center;
}

.emotion-6 {
  display: -webkit-box;
  display: -webkit-flex;
  display: -ms-flexbox;
  display: flex;
  -webkit-flex-direction: column;
  -ms-flex-direction: column;
  flex-direction: column;
  -webkit-box-pack: center;
  -webkit-justify-content: center;
  -ms-flex-pack: center;
  justify-content: center;
  background-color: #f1f1f1;
  padding: 2rem;
}

.emotion-0 {
  padding: 0.25rem;
  border: 2px solid #333333;
  border-radius: 5px;
  margin: 10px;
}

.emotion-4 {
  display: -webkit-box;
  display: -webkit-flex;
  display: -ms-flexbox;
  display: flex;
  -webkit-flex-direction: row;
  -ms-flex-direction: row;
  flex-direction: row;
  -webkit-flex-wrap: wrap;
  -ms-flex-wrap: wrap;
  flex-wrap: wrap;
  -webkit-box-pack: center;
  -webkit-justify-content: center;
  -ms-flex-pack: center;
  justify-content: center;
}

.emotion-2 {
  display: -webkit-box;
  display: -webkit-flex;
  display: -ms-flexbox;
  display: flex;
  overflow: hidden;
  margin: 10px;
  padding: 12px 12px;
  cursor: pointer;
  -webkit-user-select: none;
  -moz-user-select: none;
  -ms-user-select: none;
  user-select: none;
  -webkit-transition: all 150ms linear;
  transition: all 150ms linear;
  text-align: center;
  white-space: nowrap;
  -webkit-text-decoration: none !important;
  text-decoration: none !important;
  text-transform: none;
  text-transform: capitalize;
  color: #333;
  background-color: #dfe6e9;
  border: 0 none;
  border-radius: 4px;
  font-size: 13px;
  font-weight: 500;
  line-height: 1.3;
  -webkit-appearance: none;
  -moz-appearance: none;
  -webkit-appearance: none;
  -moz-appearance: none;
  appearance: none;
  -webkit-box-pack: center;
  -webkit-justify-content: center;
  -ms-flex-pack: center;
  justify-content: center;
  -webkit-align-items: center;
  -webkit-box-align: center;
  -ms-flex-align: center;
  align-items: center;
  -webkit-flex: 0 0 160px;
  -ms-flex: 0 0 160px;
  flex: 0 0 160px;
  box-shadow: 2px 5px 10px var(--color-smoke);
}

.emotion-2:hover {
  -webkit-transition: all 150ms linear;
  transition: all 150ms linear;
  opacity: 0.85;
}

.emotion-2:active {
  -webkit-transition: all 150ms linear;
  transition: all 150ms linear;
  opacity: 0.75;
}

.emotion-2:focus {
  outline: 1px dotted #959595;
  outline-offset: -4px;
}

.emotion-10 {
  background: white;
  display: -webkit-box;
  display: -webkit-flex;
  display: -ms-flexbox;
  display: flex;
  -webkit-flex-direction: row;
  -ms-flex-direction: row;
  flex-direction: row;
  -webkit-flex-wrap: wrap;
  -ms-flex-wrap: wrap;
  flex-wrap: wrap;
}

.emotion-8 {
  display: -webkit-box;
  display: -webkit-flex;
  display: -ms-flexbox;
  display: flex;
  -webkit-flex-direction: column;
  -ms-flex-direction: column;
  flex-direction: column;
  max-width: 300px;
}

<main
  class="App emotion-12 emotion-13"
>
  <form
    class="emotion-6 emotion-7"
  >
    <h1>
      PokÃ©-picker
    </h1>
    <label
      for="search-input"
    >
      Search for a single Pokemon
    </label>
    <input
      class="emotion-0 emotion-1"
      id="search-input"
      value="Pikachu"
    />
    <div
      class="emotion-4 emotion-5"
    >
      <button
        class="emotion-2 emotion-3"
        data-testid="single-search-button"
        id="single-search-button"
      >
        Search
      </button>
    </div>
  </form>
  <section
    class="emotion-10 emotion-11"
  >
    <article
      class="emotion-8 emotion-9"
    >
      <h1>
        pikachu
      </h1>
      <ul>
        <span>
          electric
        </span>
      </ul>
      <img
        alt="My chonky fave pikachu"
        src="path/to/img"
        title="My chonky fave pikachu"
      />
    </article>
  </section>
</main>
`;
